{"turn": 0, "state": "front_door", "move": {"move": "start", "project": "prime_script", "new_project": true, "description": "Python script to print the first ten prime numbers.", "goal": "Create a Python script that prints the first ten prime numbers, one per line, and verify it runs correctly.", "creative": false, "understood": "I will create a Python script that iterates through integers, checks
{"turn": 1, "state": "asking", "move": {"move": "plan", "steps": ["Create BLUEPRINT.md documenting the task", "Write primes.py with primality checking logic", "Run the script and verify output"]}, "secs": 5.6, "out_tokens": 214, "in_tokens": 467, "result": null}
{"turn": 2, "state": "working", "move": {"move": "act", "step": 1, "action": {"kind": "write_file", "path": "BLUEPRINT.md", "contents": "# Primes Project Blueprint\n\n## Goal\nCreate a Python script that prints the first ten prime numbers, one per line.\n\n## Plan\n1. Write `primes.py` with logic to check primality and collect the first 10 primes.\n2. Run the script to verify output.\n3. Update th
{"turn": 3, "state": "working", "move": {"move": "act", "step": 2, "action": {"kind": "write_file", "path": "primes.py", "contents": "def is_prime(n):\n    if n < 2:\n        return False\n    for i in range(2, int(n**0.5) + 1):\n        if n % i == 0:\n            return False\n    return True\n\nprimes = []\ncurrent = 2\nwhile len(primes) < 10:\n    if is_prime(current):\n        primes.append(c
{"turn": 4, "state": "working", "move": {"move": "act", "step": 3, "action": {"kind": "run_command", "argv": ["python", "primes.py"]}}, "secs": 1.9, "out_tokens": 52, "in_tokens": 809, "result": "FAIL: exit 1; stdout:  stderr: Failed to find executable python: No such file or directory"}
{"turn": 5, "state": "working", "move": {"move": "act", "step": 3, "action": {"kind": "run_command", "argv": ["python3", "primes.py"]}}, "secs": 1.8, "out_tokens": 52, "in_tokens": 860, "result": "ok: exit 0; stdout: 2\n3\n5\n7\n11\n13\n17\n19\n23\n29\n stderr:"}
{"turn": 6, "state": "working", "move": {"move": "done", "summary": "The script primes.py has been created and successfully executed with python3. It correctly prints the first ten prime numbers: 2, 3, 5, 7, 11, 13, 17, 19, 23, 29.", "check": {"kind": "run_command", "argv": ["python3", "primes.py"]}}, "secs": 3.2, "out_tokens": 109, "in_tokens": 927, "result": "REJECTED: update BLUEPRINT.md for wh
{"turn": 7, "state": "working", "move": {"move": "act", "step": 3, "action": {"kind": "write_file", "path": "BLUEPRINT.md", "contents": "# Primes Project Blueprint\n\n## Goal\nCreate a Python script that prints the first ten prime numbers, one per line.\n\n## Plan\n1. Write `primes.py` with logic to check primality and collect the first 10 primes.\n2. Run the script to verify output.\n3. Update th
{"turn": 8, "state": "working", "move": {"move": "done", "summary": "The script `primes.py` has been created and verified. It correctly outputs the first ten prime numbers: 2, 3, 5, 7, 11, 13, 17, 19, 23, 29. The project goal is achieved.", "check": {"kind": "run_command", "argv": ["python3", "primes.py"]}}, "secs": 3.5, "out_tokens": 115, "in_tokens": 1141, "result": "DONE: The script `primes.py`

workspace: total 8
drwxrws--- 1 ai ai-sandbox  42 Sep 16 07:17 .
drwxrwxr-x 1 ai ai          88 Sep 16 07:16 ..
-rw-r--r-- 1 ai ai-sandbox 385 Sep 16 07:17 BLUEPRINT.md
-rw-r--r-- 1 ai ai-sandbox 309 Sep 16 07:17 primes.py

BLUEPRINT.md:
# Primes Project Blueprint

## Goal
Create a Python script that prints the first ten prime numbers, one per line.

## Plan
1. Write `primes.py` with logic to check primality and collect the first 10 primes.
2. Run the script to verify output.
3. Update this file as changes are made.

## Status
- `primes.py`: Created and verified working (outputs 2, 3, 5, 7, 11, 13, 17, 19, 23, 29).

