{"turn": 0, "state": "front_door", "move": {"move": "start", "project": "prime_script", "new_project": true, "description": "Python script to print the first ten prime numbers.", "goal": "Create a Python script that prints the first ten prime numbers, one per line, and verify it runs correctly.", "creative": true, "understood": "I will create a Python script that iterates through integers, checks 
{"turn": 1, "state": "planning", "move": {"move": "plan", "steps": ["Create BLUEPRINT.md documenting the script logic and file structure.", "Write the Python script `primes.py` to find and print the first ten primes.", "Run the script using a shell command to verify output.", "Update BLUEPRINT.md with the verification result."]}, "secs": 2.3, "out_tokens": 83, "in_tokens": 476, "result": null}
{"turn": 2, "state": "working", "move": {"move": "act", "step": 1, "action": {"kind": "write_file", "path": "BLUEPRINT.md", "contents": "# Primes Project Blueprint\n\n## Goal\nCreate a Python script that prints the first ten prime numbers, one per line.\n\n## File Structure\n- `primes.py`: The main script to find and print primes.\n- `BLUEPRINT.md`: This documentation file.\n\n## Logic\n1. Iterate
{"turn": 3, "state": "working", "move": {"move": "act", "step": 2, "action": {"kind": "write_file", "path": "primes.py", "contents": "def is_prime(n):\n    if n < 2:\n        return False\n    for i in range(2, int(n**0.5) + 1):\n        if n % i == 0:\n            return False\n    return True\n\nprimes = []\nn = 2\nwhile len(primes) < 10:\n    if is_prime(n):\n        primes.append(n)\n    n += 
{"turn": 4, "state": "working", "move": {"move": "act", "step": 3, "action": {"kind": "run_command", "argv": ["python", "primes.py"]}}, "secs": 1.9, "out_tokens": 52, "in_tokens": 964, "result": "FAIL: exit 1; stdout:  stderr: Failed to find executable python: No such file or directory"}
{"turn": 5, "state": "working", "move": {"move": "replan", "steps": ["The previous command failed because `python` is not found. I will try running the script with `python3` instead, which is common on many systems.", "If that fails, I will check for available Python interpreters or adjust the command accordingly."], "why": "The error 'Failed to find executable python' suggests the system uses `py
{"turn": 6, "state": "working", "move": {"move": "replan", "steps": ["Run the script using `python3` instead of `python` to find the first ten prime numbers."], "why": "The previous attempt failed because the system does not have an executable named `python`. The standard fallback on most Linux and macOS systems is `python3`."}, "secs": 3.1, "out_tokens": 85, "in_tokens": 1051, "result": null}
{"turn": 7, "state": "working", "move": {"move": "act", "step": 3, "action": {"kind": "run_command", "argv": ["python3", "primes.py"]}}, "secs": 2.2, "out_tokens": 52, "in_tokens": 1017, "result": "ok: exit 0; stdout: 2\n3\n5\n7\n11\n13\n17\n19\n23\n29\n stderr:"}
{"turn": 8, "state": "working", "move": {"move": "done", "summary": "The script `primes.py` has been created and successfully executed with `python3`. It correctly prints the first ten prime numbers: 2, 3, 5, 7, 11, 13, 17, 19, 23, 29. The goal is verified.", "check": {"kind": "run_command", "argv": ["python3", "primes.py"]}}, "secs": 3.4, "out_tokens": 119, "in_tokens": 1044, "result": "REJECTED:
{"turn": 9, "state": "working", "move": {"move": "act", "step": 4, "action": {"kind": "edit_file", "path": "BLUEPRINT.md", "find": "Run `python primes.py` and ensure exactly ten lines of output are produced.", "replace": "Run `python3 primes.py` and ensure exactly ten lines of output are produced."}}, "secs": 2.7, "out_tokens": 93, "in_tokens": 1067, "result": "ok: edited"}
{"turn": 10, "state": "working", "move": {"move": "done", "summary": "The script `primes.py` has been created and successfully executed with `python3`. It correctly prints the first ten prime numbers (2, 3, 5, 7, 11, 13, 17, 19, 23, 29), one per line. The verification step confirms the goal is met.", "check": {"kind": "run_command", "argv": ["python3", "primes.py"]}}, "secs": 3.7, "out_tokens": 12

workspace: total 8
drwxrws--- 1 ai ai-sandbox  42 Sep 16 07:16 .
drwxrwxr-x 1 ai ai          88 Sep 16 07:15 ..
-rw-r--r-- 1 ai ai-sandbox 517 Sep 16 07:16 BLUEPRINT.md
-rw-r--r-- 1 ai ai-sandbox 285 Sep 16 07:16 primes.py

BLUEPRINT.md:
# Primes Project Blueprint

## Goal
Create a Python script that prints the first ten prime numbers, one per line.

## File Structure
- `primes.py`: The main script to find and print primes.
- `BLUEPRINT.md`: This documentation file.

## Logic
1. Iterate through integers starting from 2.
2. Check if each integer is prime (divisible only by 1 and itself).
3. Collect the first ten primes found.
4. Print them, one per line.

## Verification
Run `python3 primes.py` and ensure exactly ten lines of output are produced.
